// Jest Snapshot v1, https://goo.gl/fbAQLP

exports[`Layout renders correctly 1`] = `
<div>
  <div
    class="layout"
  >
    <div
      class="forum-view"
    >
      <div
        class="thread-changer"
      >
        <button
          class="thread-change-button"
        >
          Prev
        </button>
        <div
          class="current-thread-label"
        >
          1
        </div>
        <button
          class="thread-change-button"
        >
          Next
        </button>
      </div>
      <div
        class="thread"
      >
        <div
          class="title"
        >
          Hyvää uutta vuotta kaikille Hondailijoille
        </div>
        <div
          class="message-area"
        >
          <div
            class="thread-start"
          >
            <div
              class="message-box"
            >
              <div
                class="metadata"
              >
                <div
                  class="author"
                >
                  Honda
                </div>
                <div
                  class="date"
                >
                  2001-01-01 01:30:00
                </div>
              </div>
              <div
                class="message"
              >
                <span>
                  <span>
                     
                  </span>
                  <span>
                    Hyvää
                  </span>
                </span>
                <span>
                  <span>
                     
                  </span>
                  <span>
                    uutta
                  </span>
                </span>
                <span>
                  <span>
                     
                  </span>
                  <span>
                    vuotta
                  </span>
                </span>
                <span>
                  <span>
                     
                  </span>
                  <span>
                    kaikille
                  </span>
                </span>
                <span>
                  <span>
                     
                  </span>
                  <span>
                    Hondailijoille
                  </span>
                </span>
                <span>
                  <span>
                     
                  </span>
                  <span>
                    ja
                  </span>
                </span>
                <span>
                  <span>
                     
                  </span>
                  <span>
                    myös
                  </span>
                </span>
                <span>
                  <span>
                     
                  </span>
                  <span>
                    muille
                  </span>
                </span>
                <span>
                  <span>
                     
                  </span>
                  <span>
                    autoiluharrastajille
                  </span>
                </span>
                <span>
                  !
                </span>
              </div>
            </div>
          </div>
          <div
            class="comments"
          />
        </div>
      </div>
    </div>
  </div>
</div>
`;
