// Jest Snapshot v1, https://goo.gl/fbAQLP

exports[`MessageArea renders correctly 1`] = `
<div>
  <div
    class="message-area"
  >
    <div
      class="thread-start"
    >
      <div
        class="message"
      >
        This is the message component.
      </div>
    </div>
    <div
      class="comments"
    />
  </div>
</div>
`;
