// Jest Snapshot v1, https://goo.gl/fbAQLP

exports[`Layout renders correctly 1`] = `
<div>
  <div
    class="layout"
  >
    <div
      class="forum-view"
    >
      <div
        class="thread-changer"
      >
        <button
          class="thread-change-button"
        >
          Prev
        </button>
        <div
          class="current-thread-label"
        >
          1
        </div>
        <button
          class="thread-change-button"
        >
          Next
        </button>
      </div>
      <div
        class="thread"
      >
        <div
          class="title"
        >
          Hyvää uutta vuotta kaikille Hondailijoille
        </div>
        <div
          class="message-area"
        >
          <div
            class="thread-start"
          >
            <div
              class="message-box"
            >
              <div
                class="metadata"
              >
                <div
                  class="author"
                >
                  Honda
                </div>
                <div
                  class="date"
                >
                  2001-01-01 01:30:00
                </div>
              </div>
              <div
                class="outer-content"
              >
                <div
                  class="inner-content"
                >
                  <div
                    class="message"
                  >
                    <span>
                      <span>
                         
                      </span>
                      <span
                        class="arousal1 valence3"
                        title="Tästä sanasta tunnistettiin vahvoja tunteita."
                      >
                        Hyvää
                      </span>
                    </span>
                    <span>
                      <span>
                         
                      </span>
                      <span
                        class="arousal1 valence1"
                      >
                        uutta
                      </span>
                    </span>
                    <span>
                      <span>
                         
                      </span>
                      <span
                        class="arousal1 valence1"
                      >
                        vuotta
                      </span>
                    </span>
                    <span>
                      <span>
                         
                      </span>
                      <span
                        class="arousal2 valence0"
                      >
                        kaikille
                      </span>
                    </span>
                    <span>
                      <span>
                         
                      </span>
                      <span
                        class="arousal0 valence0"
                      >
                        Hondailijoille
                      </span>
                    </span>
                    <span>
                      <span>
                         
                      </span>
                      <span
                        class="arousal0 valence0"
                      >
                        ja
                      </span>
                    </span>
                    <span>
                      <span>
                         
                      </span>
                      <span
                        class="arousal0 valence0"
                      >
                        myös
                      </span>
                    </span>
                    <span>
                      <span>
                         
                      </span>
                      <span
                        class="arousal2 valence0"
                      >
                        muille
                      </span>
                    </span>
                    <span>
                      <span>
                         
                      </span>
                      <span
                        class="arousal0 valence0"
                      >
                        autoiluharrastajille
                      </span>
                    </span>
                    <span
                      class="arousal0 valence0"
                    >
                      !
                    </span>
                  </div>
                  <div
                    class="decorations"
                  >
                    <span
                      class="icon"
                      title="Tästä viestistä on tunnistettu tavallista positiivisempia tunteita."
                    >
                      <svg
                        aria-hidden="true"
                        class="svg-inline--fa fa-circle fa-w-16 valence1"
                        data-icon="circle"
                        data-prefix="fas"
                        focusable="false"
                        role="img"
                        viewBox="0 0 512 512"
                        xmlns="http://www.w3.org/2000/svg"
                      >
                        <path
                          d="M256 8C119 8 8 119 8 256s111 248 248 248 248-111 248-248S393 8 256 8z"
                          fill="currentColor"
                        />
                      </svg>
                    </span>
                    <div
                      class="emoji-annotation"
                    >
                      <svg
                        aria-hidden="true"
                        class="svg-inline--fa fa-laugh fa-w-16 valence-emoji"
                        data-icon="laugh"
                        data-prefix="fas"
                        focusable="false"
                        role="img"
                        viewBox="0 0 496 512"
                        xmlns="http://www.w3.org/2000/svg"
                      >
                        <path
                          d="M248 8C111 8 0 119 0 256s111 248 248 248 248-111 248-248S385 8 248 8zm80 152c17.7 0 32 14.3 32 32s-14.3 32-32 32-32-14.3-32-32 14.3-32 32-32zm-160 0c17.7 0 32 14.3 32 32s-14.3 32-32 32-32-14.3-32-32 14.3-32 32-32zm88 272h-16c-73.4 0-134-55-142.9-126-1.2-9.5 6.3-18 15.9-18h270c9.6 0 17.1 8.4 15.9 18-8.9 71-69.5 126-142.9 126z"
                          fill="currentColor"
                        />
                      </svg>
                      <div
                        class="valence-intensity"
                      >
                        <svg
                          aria-hidden="true"
                          class="svg-inline--fa fa-circle fa-w-16 valence-circle-on"
                          data-icon="circle"
                          data-prefix="fas"
                          focusable="false"
                          role="img"
                          viewBox="0 0 512 512"
                          xmlns="http://www.w3.org/2000/svg"
                        >
                          <path
                            d="M256 8C119 8 8 119 8 256s111 248 248 248 248-111 248-248S393 8 256 8z"
                            fill="currentColor"
                          />
                        </svg>
                        <svg
                          aria-hidden="true"
                          class="svg-inline--fa fa-circle fa-w-16 valence-circle-on"
                          data-icon="circle"
                          data-prefix="fas"
                          focusable="false"
                          role="img"
                          viewBox="0 0 512 512"
                          xmlns="http://www.w3.org/2000/svg"
                        >
                          <path
                            d="M256 8C119 8 8 119 8 256s111 248 248 248 248-111 248-248S393 8 256 8z"
                            fill="currentColor"
                          />
                        </svg>
                        <svg
                          aria-hidden="true"
                          class="svg-inline--fa fa-circle fa-w-16 valence-circle-on"
                          data-icon="circle"
                          data-prefix="fas"
                          focusable="false"
                          role="img"
                          viewBox="0 0 512 512"
                          xmlns="http://www.w3.org/2000/svg"
                        >
                          <path
                            d="M256 8C119 8 8 119 8 256s111 248 248 248 248-111 248-248S393 8 256 8z"
                            fill="currentColor"
                          />
                        </svg>
                        <svg
                          aria-hidden="true"
                          class="svg-inline--fa fa-circle fa-w-16 valence-circle-off"
                          data-icon="circle"
                          data-prefix="fas"
                          focusable="false"
                          role="img"
                          viewBox="0 0 512 512"
                          xmlns="http://www.w3.org/2000/svg"
                        >
                          <path
                            d="M256 8C119 8 8 119 8 256s111 248 248 248 248-111 248-248S393 8 256 8z"
                            fill="currentColor"
                          />
                        </svg>
                        <svg
                          aria-hidden="true"
                          class="svg-inline--fa fa-circle fa-w-16 valence-circle-off"
                          data-icon="circle"
                          data-prefix="fas"
                          focusable="false"
                          role="img"
                          viewBox="0 0 512 512"
                          xmlns="http://www.w3.org/2000/svg"
                        >
                          <path
                            d="M256 8C119 8 8 119 8 256s111 248 248 248 248-111 248-248S393 8 256 8z"
                            fill="currentColor"
                          />
                        </svg>
                      </div>
                    </div>
                  </div>
                </div>
              </div>
            </div>
          </div>
          <div
            class="comments"
          />
        </div>
      </div>
    </div>
  </div>
</div>
`;
