// Jest Snapshot v1, https://goo.gl/fbAQLP

exports[`AnalysisReport renders correctly 1`] = `
<div>
  <div
    class="analysis-report"
  >
    <button
      class="MuiButtonBase-root MuiButton-root MuiButton-text"
      tabindex="0"
      type="button"
    >
      <span
        class="MuiButton-label"
      >
        Reply
      </span>
      <span
        class="MuiTouchRipple-root"
      />
    </button>
  </div>
</div>
`;
