// Jest Snapshot v1, https://goo.gl/fbAQLP

exports[`Message renders correctly with props 1`] = `
<div
  className="message-box"
>
  <div
    className="metadata"
  >
    <div
      className="author"
    >
      Author
    </div>
    <div
      className="date"
    >
      2000-01-01 00:00:00
    </div>
  </div>
  <div
    className="outer-content"
  >
    <div
      className="inner-content"
    >
      <div
        className="message"
      >
        <span>
          <span>
             
          </span>
          <span
            className="arousal3 valence-3"
          >
            test
          </span>
        </span>
      </div>
      <span
        className="icon"
        title="Tästä viestistä on tunnistettu tavallista negatiivisempia tunteita."
      >
        <svg
          aria-hidden="true"
          className="svg-inline--fa fa-circle fa-w-16 valence-1"
          data-icon="circle"
          data-prefix="fas"
          focusable="false"
          role="img"
          style={Object {}}
          viewBox="0 0 512 512"
          xmlns="http://www.w3.org/2000/svg"
        >
          <path
            d="M256 8C119 8 8 119 8 256s111 248 248 248 248-111 248-248S393 8 256 8z"
            fill="currentColor"
            style={Object {}}
          />
        </svg>
      </span>
    </div>
  </div>
</div>
`;

exports[`Message renders correctly without props 1`] = `null`;
