// Jest Snapshot v1, https://goo.gl/fbAQLP

exports[`Thread renders correctly 1`] = `
<div>
  <div
    class="thread"
  >
    <div
      class="title"
    >
      Thread title
    </div>
    <div
      class="message-area"
    >
      <div
        class="thread-start"
      />
      <div
        class="response-field"
      >
        <textarea
          class="response-text-input"
          maxlength="500"
          placeholder="Vastaa..."
          type="text"
        />
        <button
          class="response-button"
        >
          Lähetä
        </button>
      </div>
      <div
        class="comments"
      />
    </div>
  </div>
</div>
`;
