// Jest Snapshot v1, https://goo.gl/fbAQLP

exports[`Thread renders correctly 1`] = `
<div
  className="thread"
>
  <div
    className="title"
  >
    Hyvää uutta vuotta kaikille Hondailijoille
  </div>
  <div
    className="start-message"
  >
    First message in thread
  </div>
  <div
    className="comments"
  >
    Here go the comments
  </div>
</div>
`;
