// Jest Snapshot v1, https://goo.gl/fbAQLP

exports[`Thread renders correctly 1`] = `
<div>
  <div
    class="thread"
  >
    <div
      class="thread-changer"
    >
      <button
        class="thread-change-button"
      >
        Prev
      </button>
      <div
        class="current-thread-label"
      >
        1
      </div>
      <button
        class="thread-change-button"
      >
        Next
      </button>
    </div>
    <div
      class="title"
    >
      Thread title
    </div>
    <div
      class="message-area"
    >
      <div
        class="thread-start"
      />
      <div
        class="comments"
      />
    </div>
  </div>
</div>
`;
